Archive member included because of file (symbol)

c:/winavr-20100110/bin/../lib/gcc/avr/4.3.3/avr5\libgcc.a(_mulsi3.o)
                              ./MCAL/MTIMER0/MTIMER0_prg.o (__mulsi3)
c:/winavr-20100110/bin/../lib/gcc/avr/4.3.3/avr5\libgcc.a(_udivmodqi4.o)
                              ./MCAL/MDIO/MDIO_prg.o (__udivmodqi4)
c:/winavr-20100110/bin/../lib/gcc/avr/4.3.3/avr5\libgcc.a(_divmodhi4.o)
                              ./MCAL/MTIMER0/MTIMER0_prg.o (__divmodhi4)
c:/winavr-20100110/bin/../lib/gcc/avr/4.3.3/avr5\libgcc.a(_udivmodsi4.o)
                              ./HAL/HTEMPERATURE/HTEMPREATURE_prg.o (__udivmodsi4)
c:/winavr-20100110/bin/../lib/gcc/avr/4.3.3/avr5\libgcc.a(_divmodsi4.o)
                              ./HAL/HLCD/HLCD_prg.o (__divmodsi4)
c:/winavr-20100110/bin/../lib/gcc/avr/4.3.3/avr5\libgcc.a(_exit.o)
                              c:/winavr-20100110/bin/../lib/gcc/avr/4.3.3/../../../../avr/lib/avr5/crtm32.o (exit)
c:/winavr-20100110/bin/../lib/gcc/avr/4.3.3/avr5\libgcc.a(_copy_data.o)
                              ./MCAL/MTIMER0/MTIMER0_prg.o (__do_copy_data)
c:/winavr-20100110/bin/../lib/gcc/avr/4.3.3/avr5\libgcc.a(_clear_bss.o)
                              ./MCAL/MTIMER1/MTIMER1_prg.o (__do_clear_bss)
c:/winavr-20100110/bin/../lib/gcc/avr/4.3.3/avr5\libgcc.a(_fixunssfsi.o)
                              ./MCAL/MTIMER0/MTIMER0_prg.o (__fixunssfsi)
c:/winavr-20100110/bin/../lib/gcc/avr/4.3.3/avr5\libgcc.a(_addsub_sf.o)
                              c:/winavr-20100110/bin/../lib/gcc/avr/4.3.3/avr5\libgcc.a(_fixunssfsi.o) (__subsf3)
c:/winavr-20100110/bin/../lib/gcc/avr/4.3.3/avr5\libgcc.a(_mul_sf.o)
                              ./HAL/HRELAY/HRELAY_prg.o (__mulsf3)
c:/winavr-20100110/bin/../lib/gcc/avr/4.3.3/avr5\libgcc.a(_div_sf.o)
                              ./MCAL/MTIMER0/MTIMER0_prg.o (__divsf3)
c:/winavr-20100110/bin/../lib/gcc/avr/4.3.3/avr5\libgcc.a(_gt_sf.o)
                              ./HAL/HRELAY/HRELAY_prg.o (__gtsf2)
c:/winavr-20100110/bin/../lib/gcc/avr/4.3.3/avr5\libgcc.a(_ge_sf.o)
                              c:/winavr-20100110/bin/../lib/gcc/avr/4.3.3/avr5\libgcc.a(_fixunssfsi.o) (__gesf2)
c:/winavr-20100110/bin/../lib/gcc/avr/4.3.3/avr5\libgcc.a(_lt_sf.o)
                              ./HAL/HRELAY/HRELAY_prg.o (__ltsf2)
c:/winavr-20100110/bin/../lib/gcc/avr/4.3.3/avr5\libgcc.a(_sf_to_si.o)
                              c:/winavr-20100110/bin/../lib/gcc/avr/4.3.3/avr5\libgcc.a(_fixunssfsi.o) (__fixsfsi)
c:/winavr-20100110/bin/../lib/gcc/avr/4.3.3/avr5\libgcc.a(_thenan_sf.o)
                              c:/winavr-20100110/bin/../lib/gcc/avr/4.3.3/avr5\libgcc.a(_addsub_sf.o) (__thenan_sf)
c:/winavr-20100110/bin/../lib/gcc/avr/4.3.3/avr5\libgcc.a(_usi_to_sf.o)
                              ./MCAL/MTIMER0/MTIMER0_prg.o (__floatunsisf)
c:/winavr-20100110/bin/../lib/gcc/avr/4.3.3/avr5\libgcc.a(_udivmodhi4.o)
                              c:/winavr-20100110/bin/../lib/gcc/avr/4.3.3/avr5\libgcc.a(_divmodhi4.o) (__udivmodhi4)
c:/winavr-20100110/bin/../lib/gcc/avr/4.3.3/avr5\libgcc.a(_prologue.o)
                              c:/winavr-20100110/bin/../lib/gcc/avr/4.3.3/avr5\libgcc.a(_addsub_sf.o) (__prologue_saves__)
c:/winavr-20100110/bin/../lib/gcc/avr/4.3.3/avr5\libgcc.a(_epilogue.o)
                              c:/winavr-20100110/bin/../lib/gcc/avr/4.3.3/avr5\libgcc.a(_addsub_sf.o) (__epilogue_restores__)
c:/winavr-20100110/bin/../lib/gcc/avr/4.3.3/avr5\libgcc.a(_clzsi2.o)
                              c:/winavr-20100110/bin/../lib/gcc/avr/4.3.3/avr5\libgcc.a(_usi_to_sf.o) (__clzsi2)
c:/winavr-20100110/bin/../lib/gcc/avr/4.3.3/avr5\libgcc.a(_pack_sf.o)
                              c:/winavr-20100110/bin/../lib/gcc/avr/4.3.3/avr5\libgcc.a(_addsub_sf.o) (__pack_f)
c:/winavr-20100110/bin/../lib/gcc/avr/4.3.3/avr5\libgcc.a(_unpack_sf.o)
                              c:/winavr-20100110/bin/../lib/gcc/avr/4.3.3/avr5\libgcc.a(_addsub_sf.o) (__unpack_f)
c:/winavr-20100110/bin/../lib/gcc/avr/4.3.3/avr5\libgcc.a(_fpcmp_parts_sf.o)
                              c:/winavr-20100110/bin/../lib/gcc/avr/4.3.3/avr5\libgcc.a(_gt_sf.o) (__fpcmp_parts_f)
c:/winavr-20100110/bin/../lib/gcc/avr/4.3.3/avr5\libgcc.a(_clz.o)
                              c:/winavr-20100110/bin/../lib/gcc/avr/4.3.3/avr5\libgcc.a(_clzsi2.o) (__clz_tab)
c:/winavr-20100110/bin/../lib/gcc/avr/4.3.3/../../../../avr/lib/avr5\libc.a(ceil.o)
                              ./APP/main.o (ceil)
c:/winavr-20100110/bin/../lib/gcc/avr/4.3.3/../../../../avr/lib/avr5\libc.a(fp_mintl.o)
                              c:/winavr-20100110/bin/../lib/gcc/avr/4.3.3/../../../../avr/lib/avr5\libc.a(ceil.o) (__fp_mintl)
c:/winavr-20100110/bin/../lib/gcc/avr/4.3.3/../../../../avr/lib/avr5\libc.a(fp_mpack.o)
                              c:/winavr-20100110/bin/../lib/gcc/avr/4.3.3/../../../../avr/lib/avr5\libc.a(ceil.o) (__fp_mpack)
c:/winavr-20100110/bin/../lib/gcc/avr/4.3.3/../../../../avr/lib/avr5\libc.a(fp_trunc.o)
                              c:/winavr-20100110/bin/../lib/gcc/avr/4.3.3/../../../../avr/lib/avr5\libc.a(ceil.o) (__fp_trunc)
c:/winavr-20100110/bin/../lib/gcc/avr/4.3.3/../../../../avr/lib/avr5\libc.a(fp_zero.o)
                              c:/winavr-20100110/bin/../lib/gcc/avr/4.3.3/../../../../avr/lib/avr5\libc.a(ceil.o) (__fp_szero)
c:/winavr-20100110/bin/../lib/gcc/avr/4.3.3/../../../../avr/lib/avr5\libc.a(fp_split3.o)
                              c:/winavr-20100110/bin/../lib/gcc/avr/4.3.3/../../../../avr/lib/avr5\libc.a(fp_trunc.o) (__fp_splitA)

Memory Configuration

Name             Origin             Length             Attributes
text             0x00000000         0x00020000         xr
data             0x00800060         0x0000ffa0         rw !x
eeprom           0x00810000         0x00010000         rw !x
fuse             0x00820000         0x00000400         rw !x
lock             0x00830000         0x00000400         rw !x
signature        0x00840000         0x00000400         rw !x
*default*        0x00000000         0xffffffff

Linker script and memory map

LOAD c:/winavr-20100110/bin/../lib/gcc/avr/4.3.3/../../../../avr/lib/avr5/crtm32.o
LOAD ./MCAL/MWDTIMER/MWDTIMER_prg.o
LOAD ./MCAL/MTIMER1/MTIMER1_prg.o
LOAD ./MCAL/MTIMER0/MTIMER0_prg.o
LOAD ./MCAL/MIIC/MIIC_prg.o
LOAD ./MCAL/MGIE/MGIE_prg.o
LOAD ./MCAL/MEXTI/MEXTI_prg.o
LOAD ./MCAL/MDIO/MDIO_prg.o
LOAD ./MCAL/MADC/MADC_prg.o
LOAD ./HAL/HTEMPERATURE/HTEMPREATURE_prg.o
LOAD ./HAL/HRELAY/HRELAY_prg.o
LOAD ./HAL/HLED/HLED_prg.o
LOAD ./HAL/HLCD/HLCD_prg.o
LOAD ./HAL/HKPAD/HKPAD_prg.o
LOAD ./HAL/HEEPROM/HEEPROM_prg.o
LOAD ./HAL/HDCMOTOR/HDCMOTOR_prg.o
LOAD ./APP/main.o
LOAD c:/winavr-20100110/bin/../lib/gcc/avr/4.3.3/avr5\libgcc.a
LOAD c:/winavr-20100110/bin/../lib/gcc/avr/4.3.3/../../../../avr/lib/avr5\libc.a
LOAD c:/winavr-20100110/bin/../lib/gcc/avr/4.3.3/avr5\libgcc.a

.hash
 *(.hash)

.dynsym
 *(.dynsym)

.dynstr
 *(.dynstr)

.gnu.version
 *(.gnu.version)

.gnu.version_d
 *(.gnu.version_d)

.gnu.version_r
 *(.gnu.version_r)

.rel.init
 *(.rel.init)

.rela.init
 *(.rela.init)

.rel.text
 *(.rel.text)
 *(.rel.text.*)
 *(.rel.gnu.linkonce.t*)

.rela.text
 *(.rela.text)
 *(.rela.text.*)
 *(.rela.gnu.linkonce.t*)

.rel.fini
 *(.rel.fini)

.rela.fini
 *(.rela.fini)

.rel.rodata
 *(.rel.rodata)
 *(.rel.rodata.*)
 *(.rel.gnu.linkonce.r*)

.rela.rodata
 *(.rela.rodata)
 *(.rela.rodata.*)
 *(.rela.gnu.linkonce.r*)

.rel.data
 *(.rel.data)
 *(.rel.data.*)
 *(.rel.gnu.linkonce.d*)

.rela.data
 *(.rela.data)
 *(.rela.data.*)
 *(.rela.gnu.linkonce.d*)

.rel.ctors
 *(.rel.ctors)

.rela.ctors
 *(.rela.ctors)

.rel.dtors
 *(.rel.dtors)

.rela.dtors
 *(.rela.dtors)

.rel.got
 *(.rel.got)

.rela.got
 *(.rela.got)

.rel.bss
 *(.rel.bss)

.rela.bss
 *(.rela.bss)

.rel.plt
 *(.rel.plt)

.rela.plt
 *(.rela.plt)

.text           0x00000000     0x4d60
 *(.vectors)
 .vectors       0x00000000       0x54 c:/winavr-20100110/bin/../lib/gcc/avr/4.3.3/../../../../avr/lib/avr5/crtm32.o
                0x00000000                __vectors
                0x00000000                __vector_default
 *(.vectors)
 *(.progmem.gcc*)
 *(.progmem*)
                0x00000054                . = ALIGN (0x2)
                0x00000054                __trampolines_start = .
 *(.trampolines)
 .trampolines   0x00000054        0x0 linker stubs
 *(.trampolines*)
                0x00000054                __trampolines_end = .
 *(.jumptables)
 *(.jumptables*)
 *(.lowtext)
 *(.lowtext*)
                0x00000054                __ctors_start = .
 *(.ctors)
                0x00000054                __ctors_end = .
                0x00000054                __dtors_start = .
 *(.dtors)
                0x00000054                __dtors_end = .
 SORT(*)(.ctors)
 SORT(*)(.dtors)
 *(.init0)
 .init0         0x00000054        0x0 c:/winavr-20100110/bin/../lib/gcc/avr/4.3.3/../../../../avr/lib/avr5/crtm32.o
                0x00000054                __init
 *(.init0)
 *(.init1)
 *(.init1)
 *(.init2)
 .init2         0x00000054        0xc c:/winavr-20100110/bin/../lib/gcc/avr/4.3.3/../../../../avr/lib/avr5/crtm32.o
 *(.init2)
 *(.init3)
 *(.init3)
 *(.init4)
 .init4         0x00000060       0x16 c:/winavr-20100110/bin/../lib/gcc/avr/4.3.3/avr5\libgcc.a(_copy_data.o)
                0x00000060                __do_copy_data
 .init4         0x00000076       0x10 c:/winavr-20100110/bin/../lib/gcc/avr/4.3.3/avr5\libgcc.a(_clear_bss.o)
                0x00000076                __do_clear_bss
 *(.init4)
 *(.init5)
 *(.init5)
 *(.init6)
 *(.init6)
 *(.init7)
 *(.init7)
 *(.init8)
 *(.init8)
 *(.init9)
 .init9         0x00000086        0x8 c:/winavr-20100110/bin/../lib/gcc/avr/4.3.3/../../../../avr/lib/avr5/crtm32.o
 *(.init9)
 *(.text)
 .text          0x0000008e        0x4 c:/winavr-20100110/bin/../lib/gcc/avr/4.3.3/../../../../avr/lib/avr5/crtm32.o
                0x0000008e                __vector_12
                0x0000008e                __bad_interrupt
                0x0000008e                __vector_13
                0x0000008e                __vector_17
                0x0000008e                __vector_19
                0x0000008e                __vector_7
                0x0000008e                __vector_5
                0x0000008e                __vector_4
                0x0000008e                __vector_15
                0x0000008e                __vector_8
                0x0000008e                __vector_14
                0x0000008e                __vector_18
                0x0000008e                __vector_20
 .text          0x00000092        0x0 ./MCAL/MWDTIMER/MWDTIMER_prg.o
 .text          0x00000092        0x0 ./MCAL/MTIMER1/MTIMER1_prg.o
 .text          0x00000092        0x0 ./MCAL/MTIMER0/MTIMER0_prg.o
 .text          0x00000092        0x0 ./MCAL/MIIC/MIIC_prg.o
 .text          0x00000092        0x0 ./MCAL/MGIE/MGIE_prg.o
 .text          0x00000092        0x0 ./MCAL/MEXTI/MEXTI_prg.o
 .text          0x00000092        0x0 ./MCAL/MDIO/MDIO_prg.o
 .text          0x00000092        0x0 ./MCAL/MADC/MADC_prg.o
 .text          0x00000092        0x0 ./HAL/HTEMPERATURE/HTEMPREATURE_prg.o
 .text          0x00000092        0x0 ./HAL/HRELAY/HRELAY_prg.o
 .text          0x00000092        0x0 ./HAL/HLED/HLED_prg.o
 .text          0x00000092        0x0 ./HAL/HLCD/HLCD_prg.o
 .text          0x00000092        0x0 ./HAL/HKPAD/HKPAD_prg.o
 .text          0x00000092        0x0 ./HAL/HEEPROM/HEEPROM_prg.o
 .text          0x00000092        0x0 ./HAL/HDCMOTOR/HDCMOTOR_prg.o
 .text          0x00000092        0x0 ./APP/main.o
 .text          0x00000092        0x0 c:/winavr-20100110/bin/../lib/gcc/avr/4.3.3/avr5\libgcc.a(_mulsi3.o)
 .text          0x00000092        0x0 c:/winavr-20100110/bin/../lib/gcc/avr/4.3.3/avr5\libgcc.a(_udivmodqi4.o)
 .text          0x00000092        0x0 c:/winavr-20100110/bin/../lib/gcc/avr/4.3.3/avr5\libgcc.a(_divmodhi4.o)
 .text          0x00000092        0x0 c:/winavr-20100110/bin/../lib/gcc/avr/4.3.3/avr5\libgcc.a(_udivmodsi4.o)
 .text          0x00000092        0x0 c:/winavr-20100110/bin/../lib/gcc/avr/4.3.3/avr5\libgcc.a(_divmodsi4.o)
 .text          0x00000092        0x0 c:/winavr-20100110/bin/../lib/gcc/avr/4.3.3/avr5\libgcc.a(_exit.o)
 .text          0x00000092        0x0 c:/winavr-20100110/bin/../lib/gcc/avr/4.3.3/avr5\libgcc.a(_copy_data.o)
 .text          0x00000092        0x0 c:/winavr-20100110/bin/../lib/gcc/avr/4.3.3/avr5\libgcc.a(_clear_bss.o)
 .text          0x00000092       0x58 c:/winavr-20100110/bin/../lib/gcc/avr/4.3.3/avr5\libgcc.a(_fixunssfsi.o)
                0x00000092                __fixunssfsi
 .text          0x000000ea      0x354 c:/winavr-20100110/bin/../lib/gcc/avr/4.3.3/avr5\libgcc.a(_addsub_sf.o)
                0x00000382                __subsf3
                0x000003e4                __addsf3
 .text          0x0000043e      0x1f4 c:/winavr-20100110/bin/../lib/gcc/avr/4.3.3/avr5\libgcc.a(_mul_sf.o)
                0x0000043e                __mulsf3
 .text          0x00000632      0x158 c:/winavr-20100110/bin/../lib/gcc/avr/4.3.3/avr5\libgcc.a(_div_sf.o)
                0x00000632                __divsf3
 .text          0x0000078a       0x60 c:/winavr-20100110/bin/../lib/gcc/avr/4.3.3/avr5\libgcc.a(_gt_sf.o)
                0x0000078a                __gtsf2
 .text          0x000007ea       0x60 c:/winavr-20100110/bin/../lib/gcc/avr/4.3.3/avr5\libgcc.a(_ge_sf.o)
                0x000007ea                __gesf2
 .text          0x0000084a       0x60 c:/winavr-20100110/bin/../lib/gcc/avr/4.3.3/avr5\libgcc.a(_lt_sf.o)
                0x0000084a                __ltsf2
 .text          0x000008aa       0xa8 c:/winavr-20100110/bin/../lib/gcc/avr/4.3.3/avr5\libgcc.a(_sf_to_si.o)
                0x000008aa                __fixsfsi
 .text          0x00000952        0x0 c:/winavr-20100110/bin/../lib/gcc/avr/4.3.3/avr5\libgcc.a(_thenan_sf.o)
 .text          0x00000952       0xf2 c:/winavr-20100110/bin/../lib/gcc/avr/4.3.3/avr5\libgcc.a(_usi_to_sf.o)
                0x00000952                __floatunsisf
 .text          0x00000a44        0x0 c:/winavr-20100110/bin/../lib/gcc/avr/4.3.3/avr5\libgcc.a(_udivmodhi4.o)
 .text          0x00000a44        0x0 c:/winavr-20100110/bin/../lib/gcc/avr/4.3.3/avr5\libgcc.a(_prologue.o)
 .text          0x00000a44        0x0 c:/winavr-20100110/bin/../lib/gcc/avr/4.3.3/avr5\libgcc.a(_epilogue.o)
 .text          0x00000a44       0x9e c:/winavr-20100110/bin/../lib/gcc/avr/4.3.3/avr5\libgcc.a(_clzsi2.o)
                0x00000a44                __clzsi2
 .text          0x00000ae2      0x1aa c:/winavr-20100110/bin/../lib/gcc/avr/4.3.3/avr5\libgcc.a(_pack_sf.o)
                0x00000ae2                __pack_f
 .text          0x00000c8c       0xf0 c:/winavr-20100110/bin/../lib/gcc/avr/4.3.3/avr5\libgcc.a(_unpack_sf.o)
                0x00000c8c                __unpack_f
 .text          0x00000d7c       0xb2 c:/winavr-20100110/bin/../lib/gcc/avr/4.3.3/avr5\libgcc.a(_fpcmp_parts_sf.o)
                0x00000d7c                __fpcmp_parts_f
 .text          0x00000e2e        0x0 c:/winavr-20100110/bin/../lib/gcc/avr/4.3.3/avr5\libgcc.a(_clz.o)
 .text          0x00000e2e        0x0 c:/winavr-20100110/bin/../lib/gcc/avr/4.3.3/../../../../avr/lib/avr5\libc.a(ceil.o)
 .text          0x00000e2e        0x0 c:/winavr-20100110/bin/../lib/gcc/avr/4.3.3/../../../../avr/lib/avr5\libc.a(fp_mintl.o)
 .text          0x00000e2e        0x0 c:/winavr-20100110/bin/../lib/gcc/avr/4.3.3/../../../../avr/lib/avr5\libc.a(fp_mpack.o)
 .text          0x00000e2e        0x0 c:/winavr-20100110/bin/../lib/gcc/avr/4.3.3/../../../../avr/lib/avr5\libc.a(fp_trunc.o)
 .text          0x00000e2e        0x0 c:/winavr-20100110/bin/../lib/gcc/avr/4.3.3/../../../../avr/lib/avr5\libc.a(fp_zero.o)
 .text          0x00000e2e        0x0 c:/winavr-20100110/bin/../lib/gcc/avr/4.3.3/../../../../avr/lib/avr5\libc.a(fp_split3.o)
                0x00000e2e                . = ALIGN (0x2)
 *(.text.*)
 .text.MWDTIMER_enEnable
                0x00000e2e       0x1e ./MCAL/MWDTIMER/MWDTIMER_prg.o
                0x00000e2e                MWDTIMER_enEnable
 .text.MWDTIMER_enDisable
                0x00000e4c       0x24 ./MCAL/MWDTIMER/MWDTIMER_prg.o
                0x00000e4c                MWDTIMER_enDisable
 .text.MWDTIMER_enSleep
                0x00000e70       0x44 ./MCAL/MWDTIMER/MWDTIMER_prg.o
                0x00000e70                MWDTIMER_enSleep
 .text.MWDTIMER_enRefresh
                0x00000eb4       0x12 ./MCAL/MWDTIMER/MWDTIMER_prg.o
                0x00000eb4                MWDTIMER_enRefresh
 .text.MTIMER1_enInit
                0x00000ec6       0x4a ./MCAL/MTIMER1/MTIMER1_prg.o
                0x00000ec6                MTIMER1_enInit
 .text.MTIMER1_enStart
                0x00000f10       0x2e ./MCAL/MTIMER1/MTIMER1_prg.o
                0x00000f10                MTIMER1_enStart
 .text.MTIMER1_enStop
                0x00000f3e       0x20 ./MCAL/MTIMER1/MTIMER1_prg.o
                0x00000f3e                MTIMER1_enStop
 .text.MTIMER1_enSetCallBack
                0x00000f5e       0x3c ./MCAL/MTIMER1/MTIMER1_prg.o
                0x00000f5e                MTIMER1_enSetCallBack
 .text.MTIMER1_enEnableInt
                0x00000f9a       0x26 ./MCAL/MTIMER1/MTIMER1_prg.o
                0x00000f9a                MTIMER1_enEnableInt
 .text.MTIMER1_enDisableInt
                0x00000fc0       0x26 ./MCAL/MTIMER1/MTIMER1_prg.o
                0x00000fc0                MTIMER1_enDisableInt
 .text.MTIMER1_ICU_enInit
                0x00000fe6       0x18 ./MCAL/MTIMER1/MTIMER1_prg.o
                0x00000fe6                MTIMER1_ICU_enInit
 .text.MTIMER1_ICU_enEnableInt
                0x00000ffe       0x20 ./MCAL/MTIMER1/MTIMER1_prg.o
                0x00000ffe                MTIMER1_ICU_enEnableInt
 .text.MTIMER1_ICU_enDisableInt
                0x0000101e       0x20 ./MCAL/MTIMER1/MTIMER1_prg.o
                0x0000101e                MTIMER1_ICU_enDisableInt
 .text.MTIMER1_ICU_enSetCallBack
                0x0000103e       0x3c ./MCAL/MTIMER1/MTIMER1_prg.o
                0x0000103e                MTIMER1_ICU_enSetCallBack
 .text.MTIMER1_ICU_enRead
                0x0000107a       0x40 ./MCAL/MTIMER1/MTIMER1_prg.o
                0x0000107a                MTIMER1_ICU_enRead
 .text.MTIMER1_ICU_enSetTrigger
                0x000010ba       0x62 ./MCAL/MTIMER1/MTIMER1_prg.o
                0x000010ba                MTIMER1_ICU_enSetTrigger
 .text.__vector_6
                0x0000111c       0x66 ./MCAL/MTIMER1/MTIMER1_prg.o
                0x0000111c                __vector_6
 .text.__vector_9
                0x00001182       0x66 ./MCAL/MTIMER1/MTIMER1_prg.o
                0x00001182                __vector_9
 .text.MTIMER0_enInit
                0x000011e8       0x4a ./MCAL/MTIMER0/MTIMER0_prg.o
                0x000011e8                MTIMER0_enInit
 .text.MTIMER0_enStart
                0x00001232       0x2e ./MCAL/MTIMER0/MTIMER0_prg.o
                0x00001232                MTIMER0_enStart
 .text.MTIMER0_enStop
                0x00001260       0x20 ./MCAL/MTIMER0/MTIMER0_prg.o
                0x00001260                MTIMER0_enStop
 .text.MTIMER0_enSetCallBack
                0x00001280       0x76 ./MCAL/MTIMER0/MTIMER0_prg.o
                0x00001280                MTIMER0_enSetCallBack
 .text.MTIMER0_enSetTime
                0x000012f6       0xf0 ./MCAL/MTIMER0/MTIMER0_prg.o
                0x000012f6                MTIMER0_enSetTime
 .text.MTIMER0_enEnableInt
                0x000013e6       0x62 ./MCAL/MTIMER0/MTIMER0_prg.o
                0x000013e6                MTIMER0_enEnableInt
 .text.MTIMER0_enDisableInt
                0x00001448       0x62 ./MCAL/MTIMER0/MTIMER0_prg.o
                0x00001448                MTIMER0_enDisableInt
 .text.MTIMER0_enSetCompareValue
                0x000014aa       0x1e ./MCAL/MTIMER0/MTIMER0_prg.o
                0x000014aa                MTIMER0_enSetCompareValue
 .text.MTIMER0_enPhaseCorrectPWM
                0x000014c8       0x5a ./MCAL/MTIMER0/MTIMER0_prg.o
                0x000014c8                MTIMER0_enPhaseCorrectPWM
 .text.__vector_11
                0x00001522       0xd2 ./MCAL/MTIMER0/MTIMER0_prg.o
                0x00001522                __vector_11
 .text.__vector_10
                0x000015f4       0xc6 ./MCAL/MTIMER0/MTIMER0_prg.o
                0x000015f4                __vector_10
 .text.MIIC_enInit
                0x000016ba       0x44 ./MCAL/MIIC/MIIC_prg.o
                0x000016ba                MIIC_enInit
 .text.MIIC_enSendStart
                0x000016fe       0x22 ./MCAL/MIIC/MIIC_prg.o
                0x000016fe                MIIC_enSendStart
 .text.MIIC_enSendStop
                0x00001720       0x18 ./MCAL/MIIC/MIIC_prg.o
                0x00001720                MIIC_enSendStop
 .text.MIIC_enSendByte
                0x00001738       0x30 ./MCAL/MIIC/MIIC_prg.o
                0x00001738                MIIC_enSendByte
 .text.MIIC_enReceiverByteACK
                0x00001768       0x38 ./MCAL/MIIC/MIIC_prg.o
                0x00001768                MIIC_enReceiverByteACK
 .text.MIIC_enReceiverByteNoACK
                0x000017a0       0x38 ./MCAL/MIIC/MIIC_prg.o
                0x000017a0                MIIC_enReceiverByteNoACK
 .text.MIIC_enReadStatus
                0x000017d8       0x28 ./MCAL/MIIC/MIIC_prg.o
                0x000017d8                MIIC_enReadStatus
 .text.MGIE_enEnable
                0x00001800       0x12 ./MCAL/MGIE/MGIE_prg.o
                0x00001800                MGIE_enEnable
 .text.MGIE_enDiable
                0x00001812       0x12 ./MCAL/MGIE/MGIE_prg.o
                0x00001812                MGIE_enDiable
 .text.MEXTI_enEnable
                0x00001824       0xf6 ./MCAL/MEXTI/MEXTI_prg.o
                0x00001824                MEXTI_enEnable
 .text.MEXTI_enDisable
                0x0000191a       0x54 ./MCAL/MEXTI/MEXTI_prg.o
                0x0000191a                MEXTI_enDisable
 .text.MEXTI_ensetCallBack
                0x0000196e       0x90 ./MCAL/MEXTI/MEXTI_prg.o
                0x0000196e                MEXTI_ensetCallBack
 .text.__vector_1
                0x000019fe       0x66 ./MCAL/MEXTI/MEXTI_prg.o
                0x000019fe                __vector_1
 .text.__vector_2
                0x00001a64       0x66 ./MCAL/MEXTI/MEXTI_prg.o
                0x00001a64                __vector_2
 .text.__vector_3
                0x00001aca       0x66 ./MCAL/MEXTI/MEXTI_prg.o
                0x00001aca                __vector_3
 .text.MDIO_setPinDirection
                0x00001b30      0x28a ./MCAL/MDIO/MDIO_prg.o
                0x00001b30                MDIO_setPinDirection
 .text.MDIO_voidSetPinValue
                0x00001dba      0x28a ./MCAL/MDIO/MDIO_prg.o
                0x00001dba                MDIO_voidSetPinValue
 .text.MDIO_voidSetPortValue
                0x00002044       0x84 ./MCAL/MDIO/MDIO_prg.o
                0x00002044                MDIO_voidSetPortValue
 .text.MDIO_voidgetPinValue
                0x000020c8      0x166 ./MCAL/MDIO/MDIO_prg.o
                0x000020c8                MDIO_voidgetPinValue
 .text.MDIO_voidTogglePinValue
                0x0000222e      0x162 ./MCAL/MDIO/MDIO_prg.o
                0x0000222e                MDIO_voidTogglePinValue
 .text.MDIO_voidGetPortValue
                0x00002390       0x9a ./MCAL/MDIO/MDIO_prg.o
                0x00002390                MDIO_voidGetPortValue
 .text.MADC_enInit
                0x0000242a       0xb8 ./MCAL/MADC/MADC_prg.o
                0x0000242a                MADC_enInit
 .text.MADC_enRead
                0x000024e2       0x94 ./MCAL/MADC/MADC_prg.o
                0x000024e2                MADC_enRead
 .text.__vector_16
                0x00002576       0x56 ./MCAL/MADC/MADC_prg.o
                0x00002576                __vector_16
 .text.HTEMPREATURE_enInit
                0x000025cc       0x16 ./HAL/HTEMPERATURE/HTEMPREATURE_prg.o
                0x000025cc                HTEMPREATURE_enInit
 .text.HTEMPREATURE_enRead
                0x000025e2       0x80 ./HAL/HTEMPERATURE/HTEMPREATURE_prg.o
                0x000025e2                HTEMPREATURE_enRead
 .text.HRELAY_enInit
                0x00002662       0x22 ./HAL/HRELAY/HRELAY_prg.o
                0x00002662                HRELAY_enInit
 .text.HRELAY_enON
                0x00002684       0x22 ./HAL/HRELAY/HRELAY_prg.o
                0x00002684                HRELAY_enON
 .text.HRELAY_enOFF
                0x000026a6       0x22 ./HAL/HRELAY/HRELAY_prg.o
                0x000026a6                HRELAY_enOFF
 .text.HRELAY_enOnce
                0x000026c8      0x110 ./HAL/HRELAY/HRELAY_prg.o
                0x000026c8                HRELAY_enOnce
 .text.HLED_enInit
                0x000027d8       0x6a ./HAL/HLED/HLED_prg.o
                0x000027d8                HLED_enInit
 .text.HLED_enSetON
                0x00002842       0x6a ./HAL/HLED/HLED_prg.o
                0x00002842                HLED_enSetON
 .text.HLED_enSetOFF
                0x000028ac       0x6a ./HAL/HLED/HLED_prg.o
                0x000028ac                HLED_enSetOFF
 .text.HLED_enToggle
                0x00002916       0x64 ./HAL/HLED/HLED_prg.o
                0x00002916                HLED_enToggle
 .text.HLCD_enInit
                0x0000297a      0x352 ./HAL/HLCD/HLCD_prg.o
                0x0000297a                HLCD_enInit
 .text.HLCD_enSendData
                0x00002ccc       0x24 ./HAL/HLCD/HLCD_prg.o
                0x00002ccc                HLCD_enSendData
 .text.HLCD_enSendCommand
                0x00002cf0       0x24 ./HAL/HLCD/HLCD_prg.o
                0x00002cf0                HLCD_enSendCommand
 .text.HLCD_enSendString
                0x00002d14       0x3a ./HAL/HLCD/HLCD_prg.o
                0x00002d14                HLCD_enSendString
 .text.HLCD_enClear
                0x00002d4e       0x18 ./HAL/HLCD/HLCD_prg.o
                0x00002d4e                HLCD_enClear
 .text.HLCD_enSendIntNum
                0x00002d66      0x136 ./HAL/HLCD/HLCD_prg.o
                0x00002d66                HLCD_enSendIntNum
 .text.HLCD_enGoToXY
                0x00002e9c       0x3a ./HAL/HLCD/HLCD_prg.o
                0x00002e9c                HLCD_enGoToXY
 .text.HLCD_enSendCustomChar
                0x00002ed6       0x52 ./HAL/HLCD/HLCD_prg.o
                0x00002ed6                HLCD_enSendCustomChar
 .text.HLCD_enDisplayCustomChar
                0x00002f28       0x1c ./HAL/HLCD/HLCD_prg.o
                0x00002f28                HLCD_enDisplayCustomChar
 .text.HLCD_voidNLatch
                0x00002f44      0x482 ./HAL/HLCD/HLCD_prg.o
 .text.HKPAD_enInit
                0x000033c6       0x70 ./HAL/HKPAD/HKPAD_prg.o
                0x000033c6                HKPAD_enInit
 .text.HKPAD_enGetPressKey
                0x00003436      0x278 ./HAL/HKPAD/HKPAD_prg.o
                0x00003436                HKPAD_enGetPressKey
 .text.HEEPROM_enInit
                0x000036ae       0x14 ./HAL/HEEPROM/HEEPROM_prg.o
                0x000036ae                HEEPROM_enInit
 .text.HEEPROM_enWriteByte
                0x000036c2       0x9a ./HAL/HEEPROM/HEEPROM_prg.o
                0x000036c2                HEEPROM_enWriteByte
 .text.HEEPROM_enReadByte
                0x0000375c       0xd6 ./HAL/HEEPROM/HEEPROM_prg.o
                0x0000375c                HEEPROM_enReadByte
 .text.HDCMOTOR_enInit
                0x00003832       0x22 ./HAL/HDCMOTOR/HDCMOTOR_prg.o
                0x00003832                HDCMOTOR_enInit
 .text.HDCMOTOR_enOFF
                0x00003854       0x22 ./HAL/HDCMOTOR/HDCMOTOR_prg.o
                0x00003854                HDCMOTOR_enOFF
 .text.HDCMOTOR_enCLK_Wise
                0x00003876       0x22 ./HAL/HDCMOTOR/HDCMOTOR_prg.o
                0x00003876                HDCMOTOR_enCLK_Wise
 .text.HDCMOTOR_enCLK_Anti_Wise
                0x00003898       0x22 ./HAL/HDCMOTOR/HDCMOTOR_prg.o
                0x00003898                HDCMOTOR_enCLK_Anti_Wise
 .text.main     0x000038ba     0x1196 ./APP/main.o
                0x000038ba                main
 .text.ICU_HW   0x00004a50       0x70 ./APP/main.o
                0x00004a50                ICU_HW
 .text.OVF_INT  0x00004ac0       0x18 ./APP/main.o
                0x00004ac0                OVF_INT
 .text.libgcc   0x00004ad8       0x3e c:/winavr-20100110/bin/../lib/gcc/avr/4.3.3/avr5\libgcc.a(_mulsi3.o)
                0x00004ad8                __mulsi3
 .text.libgcc   0x00004b16       0x18 c:/winavr-20100110/bin/../lib/gcc/avr/4.3.3/avr5\libgcc.a(_udivmodqi4.o)
                0x00004b16                __udivmodqi4
 .text.libgcc   0x00004b2e       0x26 c:/winavr-20100110/bin/../lib/gcc/avr/4.3.3/avr5\libgcc.a(_divmodhi4.o)
                0x00004b2e                __divmodhi4
                0x00004b2e                _div
 .text.libgcc   0x00004b54       0x44 c:/winavr-20100110/bin/../lib/gcc/avr/4.3.3/avr5\libgcc.a(_udivmodsi4.o)
                0x00004b54                __udivmodsi4
 .text.libgcc   0x00004b98       0x36 c:/winavr-20100110/bin/../lib/gcc/avr/4.3.3/avr5\libgcc.a(_divmodsi4.o)
                0x00004b98                __divmodsi4
 .text.libgcc   0x00004bce        0x0 c:/winavr-20100110/bin/../lib/gcc/avr/4.3.3/avr5\libgcc.a(_exit.o)
 .text.libgcc   0x00004bce        0x0 c:/winavr-20100110/bin/../lib/gcc/avr/4.3.3/avr5\libgcc.a(_copy_data.o)
 .text.libgcc   0x00004bce        0x0 c:/winavr-20100110/bin/../lib/gcc/avr/4.3.3/avr5\libgcc.a(_clear_bss.o)
 .text.libgcc   0x00004bce       0x28 c:/winavr-20100110/bin/../lib/gcc/avr/4.3.3/avr5\libgcc.a(_udivmodhi4.o)
                0x00004bce                __udivmodhi4
 .text.libgcc   0x00004bf6       0x38 c:/winavr-20100110/bin/../lib/gcc/avr/4.3.3/avr5\libgcc.a(_prologue.o)
                0x00004bf6                __prologue_saves__
 .text.libgcc   0x00004c2e       0x36 c:/winavr-20100110/bin/../lib/gcc/avr/4.3.3/avr5\libgcc.a(_epilogue.o)
                0x00004c2e                __epilogue_restores__
 .text.avr-libc.fplib
                0x00004c64       0x26 c:/winavr-20100110/bin/../lib/gcc/avr/4.3.3/../../../../avr/lib/avr5\libc.a(ceil.o)
                0x00004c64                ceil
 .text.avr-libc.fplib
                0x00004c8a       0x36 c:/winavr-20100110/bin/../lib/gcc/avr/4.3.3/../../../../avr/lib/avr5\libc.a(fp_mintl.o)
                0x00004c8a                __fp_mintl
 .text.avr-libc.fplib
                0x00004cc0       0x1c c:/winavr-20100110/bin/../lib/gcc/avr/4.3.3/../../../../avr/lib/avr5\libc.a(fp_mpack.o)
                0x00004cc4                __fp_mpack_finite
                0x00004cc0                __fp_mpack
 .text.avr-libc.fplib
                0x00004cdc       0x2e c:/winavr-20100110/bin/../lib/gcc/avr/4.3.3/../../../../avr/lib/avr5\libc.a(fp_trunc.o)
                0x00004cdc                __fp_trunc
 .text.avr-libc.fplib
                0x00004d0a        0xe c:/winavr-20100110/bin/../lib/gcc/avr/4.3.3/../../../../avr/lib/avr5\libc.a(fp_zero.o)
                0x00004d0a                __fp_zero
                0x00004d0c                __fp_szero
 .text.avr-libc.fplib
                0x00004d18       0x44 c:/winavr-20100110/bin/../lib/gcc/avr/4.3.3/../../../../avr/lib/avr5\libc.a(fp_split3.o)
                0x00004d18                __fp_split3
                0x00004d28                __fp_splitA
                0x00004d5c                . = ALIGN (0x2)
 *(.fini9)
 .fini9         0x00004d5c        0x0 c:/winavr-20100110/bin/../lib/gcc/avr/4.3.3/avr5\libgcc.a(_exit.o)
                0x00004d5c                exit
                0x00004d5c                _exit
 *(.fini9)
 *(.fini8)
 *(.fini8)
 *(.fini7)
 *(.fini7)
 *(.fini6)
 *(.fini6)
 *(.fini5)
 *(.fini5)
 *(.fini4)
 *(.fini4)
 *(.fini3)
 *(.fini3)
 *(.fini2)
 *(.fini2)
 *(.fini1)
 *(.fini1)
 *(.fini0)
 .fini0         0x00004d5c        0x4 c:/winavr-20100110/bin/../lib/gcc/avr/4.3.3/avr5\libgcc.a(_exit.o)
 *(.fini0)
                0x00004d60                _etext = .

.data           0x00800060      0x148 load address 0x00004d60
                0x00800060                PROVIDE (__data_start, .)
 *(.data)
 .data          0x00800060        0x0 c:/winavr-20100110/bin/../lib/gcc/avr/4.3.3/../../../../avr/lib/avr5/crtm32.o
 .data          0x00800060        0x0 ./MCAL/MWDTIMER/MWDTIMER_prg.o
 .data          0x00800060        0x0 ./MCAL/MTIMER1/MTIMER1_prg.o
 .data          0x00800060        0x0 ./MCAL/MTIMER0/MTIMER0_prg.o
 .data          0x00800060        0x0 ./MCAL/MIIC/MIIC_prg.o
 .data          0x00800060        0x0 ./MCAL/MGIE/MGIE_prg.o
 .data          0x00800060        0x0 ./MCAL/MEXTI/MEXTI_prg.o
 .data          0x00800060        0x0 ./MCAL/MDIO/MDIO_prg.o
 .data          0x00800060        0x0 ./MCAL/MADC/MADC_prg.o
 .data          0x00800060        0x0 ./HAL/HTEMPERATURE/HTEMPREATURE_prg.o
 .data          0x00800060        0x0 ./HAL/HRELAY/HRELAY_prg.o
 .data          0x00800060        0x0 ./HAL/HLED/HLED_prg.o
 .data          0x00800060        0x0 ./HAL/HLCD/HLCD_prg.o
 .data          0x00800060        0x0 ./HAL/HKPAD/HKPAD_prg.o
 .data          0x00800060        0x0 ./HAL/HEEPROM/HEEPROM_prg.o
 .data          0x00800060        0x0 ./HAL/HDCMOTOR/HDCMOTOR_prg.o
 .data          0x00800060       0x1b ./APP/main.o
 .data          0x0080007b        0x0 c:/winavr-20100110/bin/../lib/gcc/avr/4.3.3/avr5\libgcc.a(_mulsi3.o)
 .data          0x0080007b        0x0 c:/winavr-20100110/bin/../lib/gcc/avr/4.3.3/avr5\libgcc.a(_udivmodqi4.o)
 .data          0x0080007b        0x0 c:/winavr-20100110/bin/../lib/gcc/avr/4.3.3/avr5\libgcc.a(_divmodhi4.o)
 .data          0x0080007b        0x0 c:/winavr-20100110/bin/../lib/gcc/avr/4.3.3/avr5\libgcc.a(_udivmodsi4.o)
 .data          0x0080007b        0x0 c:/winavr-20100110/bin/../lib/gcc/avr/4.3.3/avr5\libgcc.a(_divmodsi4.o)
 .data          0x0080007b        0x0 c:/winavr-20100110/bin/../lib/gcc/avr/4.3.3/avr5\libgcc.a(_exit.o)
 .data          0x0080007b        0x0 c:/winavr-20100110/bin/../lib/gcc/avr/4.3.3/avr5\libgcc.a(_copy_data.o)
 .data          0x0080007b        0x0 c:/winavr-20100110/bin/../lib/gcc/avr/4.3.3/avr5\libgcc.a(_clear_bss.o)
 .data          0x0080007b        0x0 c:/winavr-20100110/bin/../lib/gcc/avr/4.3.3/avr5\libgcc.a(_fixunssfsi.o)
 .data          0x0080007b        0x0 c:/winavr-20100110/bin/../lib/gcc/avr/4.3.3/avr5\libgcc.a(_addsub_sf.o)
 .data          0x0080007b        0x0 c:/winavr-20100110/bin/../lib/gcc/avr/4.3.3/avr5\libgcc.a(_mul_sf.o)
 .data          0x0080007b        0x0 c:/winavr-20100110/bin/../lib/gcc/avr/4.3.3/avr5\libgcc.a(_div_sf.o)
 .data          0x0080007b        0x0 c:/winavr-20100110/bin/../lib/gcc/avr/4.3.3/avr5\libgcc.a(_gt_sf.o)
 .data          0x0080007b        0x0 c:/winavr-20100110/bin/../lib/gcc/avr/4.3.3/avr5\libgcc.a(_ge_sf.o)
 .data          0x0080007b        0x0 c:/winavr-20100110/bin/../lib/gcc/avr/4.3.3/avr5\libgcc.a(_lt_sf.o)
 .data          0x0080007b        0x0 c:/winavr-20100110/bin/../lib/gcc/avr/4.3.3/avr5\libgcc.a(_sf_to_si.o)
 .data          0x0080007b        0x8 c:/winavr-20100110/bin/../lib/gcc/avr/4.3.3/avr5\libgcc.a(_thenan_sf.o)
                0x0080007b                __thenan_sf
 .data          0x00800083        0x0 c:/winavr-20100110/bin/../lib/gcc/avr/4.3.3/avr5\libgcc.a(_usi_to_sf.o)
 .data          0x00800083        0x0 c:/winavr-20100110/bin/../lib/gcc/avr/4.3.3/avr5\libgcc.a(_udivmodhi4.o)
 .data          0x00800083        0x0 c:/winavr-20100110/bin/../lib/gcc/avr/4.3.3/avr5\libgcc.a(_prologue.o)
 .data          0x00800083        0x0 c:/winavr-20100110/bin/../lib/gcc/avr/4.3.3/avr5\libgcc.a(_epilogue.o)
 .data          0x00800083        0x0 c:/winavr-20100110/bin/../lib/gcc/avr/4.3.3/avr5\libgcc.a(_clzsi2.o)
 .data          0x00800083        0x0 c:/winavr-20100110/bin/../lib/gcc/avr/4.3.3/avr5\libgcc.a(_pack_sf.o)
 .data          0x00800083        0x0 c:/winavr-20100110/bin/../lib/gcc/avr/4.3.3/avr5\libgcc.a(_unpack_sf.o)
 .data          0x00800083        0x0 c:/winavr-20100110/bin/../lib/gcc/avr/4.3.3/avr5\libgcc.a(_fpcmp_parts_sf.o)
 .data          0x00800083      0x100 c:/winavr-20100110/bin/../lib/gcc/avr/4.3.3/avr5\libgcc.a(_clz.o)
                0x00800083                __clz_tab
 .data          0x00800183        0x0 c:/winavr-20100110/bin/../lib/gcc/avr/4.3.3/../../../../avr/lib/avr5\libc.a(ceil.o)
 .data          0x00800183        0x0 c:/winavr-20100110/bin/../lib/gcc/avr/4.3.3/../../../../avr/lib/avr5\libc.a(fp_mintl.o)
 .data          0x00800183        0x0 c:/winavr-20100110/bin/../lib/gcc/avr/4.3.3/../../../../avr/lib/avr5\libc.a(fp_mpack.o)
 .data          0x00800183        0x0 c:/winavr-20100110/bin/../lib/gcc/avr/4.3.3/../../../../avr/lib/avr5\libc.a(fp_trunc.o)
 .data          0x00800183        0x0 c:/winavr-20100110/bin/../lib/gcc/avr/4.3.3/../../../../avr/lib/avr5\libc.a(fp_zero.o)
 .data          0x00800183        0x0 c:/winavr-20100110/bin/../lib/gcc/avr/4.3.3/../../../../avr/lib/avr5\libc.a(fp_split3.o)
 *(.data*)
 .data.g_State  0x00800183        0x1 ./APP/main.o
 *(.rodata)
 *(.rodata*)
 .rodata.C.0.1420
                0x00800184       0x14 ./MCAL/MTIMER0/MTIMER0_prg.o
 .rodata.C.0.1359
                0x00800198       0x10 ./HAL/HKPAD/HKPAD_prg.o
 *(.gnu.linkonce.d*)
                0x008001a8                . = ALIGN (0x2)
                0x008001a8                _edata = .
                0x008001a8                PROVIDE (__data_end, .)

.bss            0x008001a8       0x2c
                0x008001a8                PROVIDE (__bss_start, .)
 *(.bss)
 .bss           0x008001a8        0x0 c:/winavr-20100110/bin/../lib/gcc/avr/4.3.3/../../../../avr/lib/avr5/crtm32.o
 .bss           0x008001a8        0x0 ./MCAL/MWDTIMER/MWDTIMER_prg.o
 .bss           0x008001a8        0x0 ./MCAL/MTIMER1/MTIMER1_prg.o
 .bss           0x008001a8        0x0 ./MCAL/MTIMER0/MTIMER0_prg.o
 .bss           0x008001a8        0x0 ./MCAL/MIIC/MIIC_prg.o
 .bss           0x008001a8        0x0 ./MCAL/MGIE/MGIE_prg.o
 .bss           0x008001a8        0x0 ./MCAL/MEXTI/MEXTI_prg.o
 .bss           0x008001a8        0x0 ./MCAL/MDIO/MDIO_prg.o
 .bss           0x008001a8        0x0 ./MCAL/MADC/MADC_prg.o
 .bss           0x008001a8        0x0 ./HAL/HTEMPERATURE/HTEMPREATURE_prg.o
 .bss           0x008001a8        0x0 ./HAL/HRELAY/HRELAY_prg.o
 .bss           0x008001a8        0x0 ./HAL/HLED/HLED_prg.o
 .bss           0x008001a8        0x0 ./HAL/HLCD/HLCD_prg.o
 .bss           0x008001a8        0x0 ./HAL/HKPAD/HKPAD_prg.o
 .bss           0x008001a8        0x0 ./HAL/HEEPROM/HEEPROM_prg.o
 .bss           0x008001a8        0x0 ./HAL/HDCMOTOR/HDCMOTOR_prg.o
 .bss           0x008001a8        0x0 ./APP/main.o
 .bss           0x008001a8        0x0 c:/winavr-20100110/bin/../lib/gcc/avr/4.3.3/avr5\libgcc.a(_mulsi3.o)
 .bss           0x008001a8        0x0 c:/winavr-20100110/bin/../lib/gcc/avr/4.3.3/avr5\libgcc.a(_udivmodqi4.o)
 .bss           0x008001a8        0x0 c:/winavr-20100110/bin/../lib/gcc/avr/4.3.3/avr5\libgcc.a(_divmodhi4.o)
 .bss           0x008001a8        0x0 c:/winavr-20100110/bin/../lib/gcc/avr/4.3.3/avr5\libgcc.a(_udivmodsi4.o)
 .bss           0x008001a8        0x0 c:/winavr-20100110/bin/../lib/gcc/avr/4.3.3/avr5\libgcc.a(_divmodsi4.o)
 .bss           0x008001a8        0x0 c:/winavr-20100110/bin/../lib/gcc/avr/4.3.3/avr5\libgcc.a(_exit.o)
 .bss           0x008001a8        0x0 c:/winavr-20100110/bin/../lib/gcc/avr/4.3.3/avr5\libgcc.a(_copy_data.o)
 .bss           0x008001a8        0x0 c:/winavr-20100110/bin/../lib/gcc/avr/4.3.3/avr5\libgcc.a(_clear_bss.o)
 .bss           0x008001a8        0x0 c:/winavr-20100110/bin/../lib/gcc/avr/4.3.3/avr5\libgcc.a(_fixunssfsi.o)
 .bss           0x008001a8        0x0 c:/winavr-20100110/bin/../lib/gcc/avr/4.3.3/avr5\libgcc.a(_addsub_sf.o)
 .bss           0x008001a8        0x0 c:/winavr-20100110/bin/../lib/gcc/avr/4.3.3/avr5\libgcc.a(_mul_sf.o)
 .bss           0x008001a8        0x0 c:/winavr-20100110/bin/../lib/gcc/avr/4.3.3/avr5\libgcc.a(_div_sf.o)
 .bss           0x008001a8        0x0 c:/winavr-20100110/bin/../lib/gcc/avr/4.3.3/avr5\libgcc.a(_gt_sf.o)
 .bss           0x008001a8        0x0 c:/winavr-20100110/bin/../lib/gcc/avr/4.3.3/avr5\libgcc.a(_ge_sf.o)
 .bss           0x008001a8        0x0 c:/winavr-20100110/bin/../lib/gcc/avr/4.3.3/avr5\libgcc.a(_lt_sf.o)
 .bss           0x008001a8        0x0 c:/winavr-20100110/bin/../lib/gcc/avr/4.3.3/avr5\libgcc.a(_sf_to_si.o)
 .bss           0x008001a8        0x0 c:/winavr-20100110/bin/../lib/gcc/avr/4.3.3/avr5\libgcc.a(_thenan_sf.o)
 .bss           0x008001a8        0x0 c:/winavr-20100110/bin/../lib/gcc/avr/4.3.3/avr5\libgcc.a(_usi_to_sf.o)
 .bss           0x008001a8        0x0 c:/winavr-20100110/bin/../lib/gcc/avr/4.3.3/avr5\libgcc.a(_udivmodhi4.o)
 .bss           0x008001a8        0x0 c:/winavr-20100110/bin/../lib/gcc/avr/4.3.3/avr5\libgcc.a(_prologue.o)
 .bss           0x008001a8        0x0 c:/winavr-20100110/bin/../lib/gcc/avr/4.3.3/avr5\libgcc.a(_epilogue.o)
 .bss           0x008001a8        0x0 c:/winavr-20100110/bin/../lib/gcc/avr/4.3.3/avr5\libgcc.a(_clzsi2.o)
 .bss           0x008001a8        0x0 c:/winavr-20100110/bin/../lib/gcc/avr/4.3.3/avr5\libgcc.a(_pack_sf.o)
 .bss           0x008001a8        0x0 c:/winavr-20100110/bin/../lib/gcc/avr/4.3.3/avr5\libgcc.a(_unpack_sf.o)
 .bss           0x008001a8        0x0 c:/winavr-20100110/bin/../lib/gcc/avr/4.3.3/avr5\libgcc.a(_fpcmp_parts_sf.o)
 .bss           0x008001a8        0x0 c:/winavr-20100110/bin/../lib/gcc/avr/4.3.3/avr5\libgcc.a(_clz.o)
 .bss           0x008001a8        0x0 c:/winavr-20100110/bin/../lib/gcc/avr/4.3.3/../../../../avr/lib/avr5\libc.a(ceil.o)
 .bss           0x008001a8        0x0 c:/winavr-20100110/bin/../lib/gcc/avr/4.3.3/../../../../avr/lib/avr5\libc.a(fp_mintl.o)
 .bss           0x008001a8        0x0 c:/winavr-20100110/bin/../lib/gcc/avr/4.3.3/../../../../avr/lib/avr5\libc.a(fp_mpack.o)
 .bss           0x008001a8        0x0 c:/winavr-20100110/bin/../lib/gcc/avr/4.3.3/../../../../avr/lib/avr5\libc.a(fp_trunc.o)
 .bss           0x008001a8        0x0 c:/winavr-20100110/bin/../lib/gcc/avr/4.3.3/../../../../avr/lib/avr5\libc.a(fp_zero.o)
 .bss           0x008001a8        0x0 c:/winavr-20100110/bin/../lib/gcc/avr/4.3.3/../../../../avr/lib/avr5\libc.a(fp_split3.o)
 *(.bss*)
 .bss.CallBackPTR
                0x008001a8        0x2 ./MCAL/MTIMER1/MTIMER1_prg.o
 .bss.g_ICU_CallBackPTR
                0x008001aa        0x2 ./MCAL/MTIMER1/MTIMER1_prg.o
 .bss.CallBackArr
                0x008001ac        0x4 ./MCAL/MTIMER0/MTIMER0_prg.o
 .bss.g_u32NumOfOverflows
                0x008001b0        0x4 ./MCAL/MTIMER0/MTIMER0_prg.o
 .bss.g_u8NumOfRemaningCount
                0x008001b4        0x1 ./MCAL/MTIMER0/MTIMER0_prg.o
 .bss.g_u32NumOfCompMatches
                0x008001b5        0x4 ./MCAL/MTIMER0/MTIMER0_prg.o
 .bss.Local_u32NumOfCounts.1495
                0x008001b9        0x4 ./MCAL/MTIMER0/MTIMER0_prg.o
 .bss.Local_u32NumOfCounts.1514
                0x008001bd        0x4 ./MCAL/MTIMER0/MTIMER0_prg.o
 .bss.CallBackArr
                0x008001c1        0x6 ./MCAL/MEXTI/MEXTI_prg.o
 .bss.gADC_Value
                0x008001c7        0x2 ./MCAL/MADC/MADC_prg.o
                0x008001c7                gADC_Value
 .bss.prev.1204
                0x008001c9        0x2 ./HAL/HTEMPERATURE/HTEMPREATURE_prg.o
 .bss.g_Reading1
                0x008001cb        0x2 ./APP/main.o
                0x008001cb                g_Reading1
 .bss.g_Reading2
                0x008001cd        0x2 ./APP/main.o
                0x008001cd                g_Reading2
 .bss.g_Reading1_X
                0x008001cf        0x2 ./APP/main.o
                0x008001cf                g_Reading1_X
 .bss.g_Reading2_Y
                0x008001d1        0x2 ./APP/main.o
                0x008001d1                g_Reading2_Y
 .bss.g_OVFCount
                0x008001d3        0x1 ./APP/main.o
                0x008001d3                g_OVFCount
 *(COMMON)
                0x008001d4                PROVIDE (__bss_end, .)
                0x00004d60                __data_load_start = LOADADDR (.data)
                0x00004ea8                __data_load_end = (__data_load_start + SIZEOF (.data))

.noinit         0x008001d4        0x0
                0x008001d4                PROVIDE (__noinit_start, .)
 *(.noinit*)
                0x008001d4                PROVIDE (__noinit_end, .)
                0x008001d4                _end = .
                0x008001d4                PROVIDE (__heap_start, .)

.eeprom         0x00810000        0x0
 *(.eeprom*)
                0x00810000                __eeprom_end = .

.fuse
 *(.fuse)
 *(.lfuse)
 *(.hfuse)
 *(.efuse)

.lock
 *(.lock*)

.signature
 *(.signature*)

.stab           0x00000000     0x50d0
 *(.stab)
 .stab          0x00000000      0x2e8 ./MCAL/MWDTIMER/MWDTIMER_prg.o
 .stab          0x000002e8      0x7ec ./MCAL/MTIMER1/MTIMER1_prg.o
                                0x888 (size before relaxing)
 .stab          0x00000ad4      0x72c ./MCAL/MTIMER0/MTIMER0_prg.o
                                0x984 (size before relaxing)
 .stab          0x00001200      0x330 ./MCAL/MIIC/MIIC_prg.o
                                0x3cc (size before relaxing)
 .stab          0x00001530      0x168 ./MCAL/MGIE/MGIE_prg.o
                                0x204 (size before relaxing)
 .stab          0x00001698      0x48c ./MCAL/MEXTI/MEXTI_prg.o
                                0x6e4 (size before relaxing)
 .stab          0x00001b24      0x600 ./MCAL/MDIO/MDIO_prg.o
                                0x678 (size before relaxing)
 .stab          0x00002124      0x2dc ./MCAL/MADC/MADC_prg.o
                                0x534 (size before relaxing)
 .stab          0x00002400      0x1a4 ./HAL/HTEMPERATURE/HTEMPREATURE_prg.o
                                0x240 (size before relaxing)
 .stab          0x000025a4      0x348 ./HAL/HRELAY/HRELAY_prg.o
                                0x564 (size before relaxing)
 .stab          0x000028ec      0x39c ./HAL/HLED/HLED_prg.o
                                0x4a4 (size before relaxing)
 .stab          0x00002c88      0xb88 ./HAL/HLCD/HLCD_prg.o
                                0xe28 (size before relaxing)
 .stab          0x00003810      0x474 ./HAL/HKPAD/HKPAD_prg.o
                                0x714 (size before relaxing)
 .stab          0x00003c84      0x42c ./HAL/HEEPROM/HEEPROM_prg.o
                                0x4c8 (size before relaxing)
 .stab          0x000040b0      0x1ec ./HAL/HDCMOTOR/HDCMOTOR_prg.o
                                0x2f4 (size before relaxing)
 .stab          0x0000429c      0xe34 ./APP/main.o
                               0x10d4 (size before relaxing)

.stabstr        0x00000000     0x20be
 *(.stabstr)
 .stabstr       0x00000000     0x20be ./MCAL/MWDTIMER/MWDTIMER_prg.o

.stab.excl
 *(.stab.excl)

.stab.exclstr
 *(.stab.exclstr)

.stab.index
 *(.stab.index)

.stab.indexstr
 *(.stab.indexstr)

.comment
 *(.comment)

.debug
 *(.debug)

.line
 *(.line)

.debug_srcinfo
 *(.debug_srcinfo)

.debug_sfnames
 *(.debug_sfnames)

.debug_aranges  0x00000000      0x1a0
 *(.debug_aranges)
 .debug_aranges
                0x00000000       0x20 c:/winavr-20100110/bin/../lib/gcc/avr/4.3.3/avr5\libgcc.a(_fixunssfsi.o)
 .debug_aranges
                0x00000020       0x20 c:/winavr-20100110/bin/../lib/gcc/avr/4.3.3/avr5\libgcc.a(_addsub_sf.o)
 .debug_aranges
                0x00000040       0x20 c:/winavr-20100110/bin/../lib/gcc/avr/4.3.3/avr5\libgcc.a(_mul_sf.o)
 .debug_aranges
                0x00000060       0x20 c:/winavr-20100110/bin/../lib/gcc/avr/4.3.3/avr5\libgcc.a(_div_sf.o)
 .debug_aranges
                0x00000080       0x20 c:/winavr-20100110/bin/../lib/gcc/avr/4.3.3/avr5\libgcc.a(_gt_sf.o)
 .debug_aranges
                0x000000a0       0x20 c:/winavr-20100110/bin/../lib/gcc/avr/4.3.3/avr5\libgcc.a(_ge_sf.o)
 .debug_aranges
                0x000000c0       0x20 c:/winavr-20100110/bin/../lib/gcc/avr/4.3.3/avr5\libgcc.a(_lt_sf.o)
 .debug_aranges
                0x000000e0       0x20 c:/winavr-20100110/bin/../lib/gcc/avr/4.3.3/avr5\libgcc.a(_sf_to_si.o)
 .debug_aranges
                0x00000100       0x20 c:/winavr-20100110/bin/../lib/gcc/avr/4.3.3/avr5\libgcc.a(_usi_to_sf.o)
 .debug_aranges
                0x00000120       0x20 c:/winavr-20100110/bin/../lib/gcc/avr/4.3.3/avr5\libgcc.a(_clzsi2.o)
 .debug_aranges
                0x00000140       0x20 c:/winavr-20100110/bin/../lib/gcc/avr/4.3.3/avr5\libgcc.a(_pack_sf.o)
 .debug_aranges
                0x00000160       0x20 c:/winavr-20100110/bin/../lib/gcc/avr/4.3.3/avr5\libgcc.a(_unpack_sf.o)
 .debug_aranges
                0x00000180       0x20 c:/winavr-20100110/bin/../lib/gcc/avr/4.3.3/avr5\libgcc.a(_fpcmp_parts_sf.o)

.debug_pubnames
                0x00000000      0x1f2
 *(.debug_pubnames)
 .debug_pubnames
                0x00000000       0x23 c:/winavr-20100110/bin/../lib/gcc/avr/4.3.3/avr5\libgcc.a(_fixunssfsi.o)
 .debug_pubnames
                0x00000023       0x2c c:/winavr-20100110/bin/../lib/gcc/avr/4.3.3/avr5\libgcc.a(_addsub_sf.o)
 .debug_pubnames
                0x0000004f       0x1f c:/winavr-20100110/bin/../lib/gcc/avr/4.3.3/avr5\libgcc.a(_mul_sf.o)
 .debug_pubnames
                0x0000006e       0x1f c:/winavr-20100110/bin/../lib/gcc/avr/4.3.3/avr5\libgcc.a(_div_sf.o)
 .debug_pubnames
                0x0000008d       0x1e c:/winavr-20100110/bin/../lib/gcc/avr/4.3.3/avr5\libgcc.a(_gt_sf.o)
 .debug_pubnames
                0x000000ab       0x1e c:/winavr-20100110/bin/../lib/gcc/avr/4.3.3/avr5\libgcc.a(_ge_sf.o)
 .debug_pubnames
                0x000000c9       0x1e c:/winavr-20100110/bin/../lib/gcc/avr/4.3.3/avr5\libgcc.a(_lt_sf.o)
 .debug_pubnames
                0x000000e7       0x20 c:/winavr-20100110/bin/../lib/gcc/avr/4.3.3/avr5\libgcc.a(_sf_to_si.o)
 .debug_pubnames
                0x00000107       0x22 c:/winavr-20100110/bin/../lib/gcc/avr/4.3.3/avr5\libgcc.a(_thenan_sf.o)
 .debug_pubnames
                0x00000129       0x24 c:/winavr-20100110/bin/../lib/gcc/avr/4.3.3/avr5\libgcc.a(_usi_to_sf.o)
 .debug_pubnames
                0x0000014d       0x1f c:/winavr-20100110/bin/../lib/gcc/avr/4.3.3/avr5\libgcc.a(_clzsi2.o)
 .debug_pubnames
                0x0000016c       0x1f c:/winavr-20100110/bin/../lib/gcc/avr/4.3.3/avr5\libgcc.a(_pack_sf.o)
 .debug_pubnames
                0x0000018b       0x21 c:/winavr-20100110/bin/../lib/gcc/avr/4.3.3/avr5\libgcc.a(_unpack_sf.o)
 .debug_pubnames
                0x000001ac       0x26 c:/winavr-20100110/bin/../lib/gcc/avr/4.3.3/avr5\libgcc.a(_fpcmp_parts_sf.o)
 .debug_pubnames
                0x000001d2       0x20 c:/winavr-20100110/bin/../lib/gcc/avr/4.3.3/avr5\libgcc.a(_clz.o)

.debug_info     0x00000000     0x240b
 *(.debug_info)
 .debug_info    0x00000000       0xb1 c:/winavr-20100110/bin/../lib/gcc/avr/4.3.3/avr5\libgcc.a(_fixunssfsi.o)
 .debug_info    0x000000b1      0x47a c:/winavr-20100110/bin/../lib/gcc/avr/4.3.3/avr5\libgcc.a(_addsub_sf.o)
 .debug_info    0x0000052b      0x485 c:/winavr-20100110/bin/../lib/gcc/avr/4.3.3/avr5\libgcc.a(_mul_sf.o)
 .debug_info    0x000009b0      0x3fc c:/winavr-20100110/bin/../lib/gcc/avr/4.3.3/avr5\libgcc.a(_div_sf.o)
 .debug_info    0x00000dac      0x27f c:/winavr-20100110/bin/../lib/gcc/avr/4.3.3/avr5\libgcc.a(_gt_sf.o)
 .debug_info    0x0000102b      0x27f c:/winavr-20100110/bin/../lib/gcc/avr/4.3.3/avr5\libgcc.a(_ge_sf.o)
 .debug_info    0x000012aa      0x27f c:/winavr-20100110/bin/../lib/gcc/avr/4.3.3/avr5\libgcc.a(_lt_sf.o)
 .debug_info    0x00001529      0x2b0 c:/winavr-20100110/bin/../lib/gcc/avr/4.3.3/avr5\libgcc.a(_sf_to_si.o)
 .debug_info    0x000017d9      0x12c c:/winavr-20100110/bin/../lib/gcc/avr/4.3.3/avr5\libgcc.a(_thenan_sf.o)
 .debug_info    0x00001905      0x206 c:/winavr-20100110/bin/../lib/gcc/avr/4.3.3/avr5\libgcc.a(_usi_to_sf.o)
 .debug_info    0x00001b0b      0x117 c:/winavr-20100110/bin/../lib/gcc/avr/4.3.3/avr5\libgcc.a(_clzsi2.o)
 .debug_info    0x00001c22      0x2df c:/winavr-20100110/bin/../lib/gcc/avr/4.3.3/avr5\libgcc.a(_pack_sf.o)
 .debug_info    0x00001f01      0x251 c:/winavr-20100110/bin/../lib/gcc/avr/4.3.3/avr5\libgcc.a(_unpack_sf.o)
 .debug_info    0x00002152      0x210 c:/winavr-20100110/bin/../lib/gcc/avr/4.3.3/avr5\libgcc.a(_fpcmp_parts_sf.o)
 .debug_info    0x00002362       0xa9 c:/winavr-20100110/bin/../lib/gcc/avr/4.3.3/avr5\libgcc.a(_clz.o)
 *(.gnu.linkonce.wi.*)

.debug_abbrev   0x00000000     0x1386
 *(.debug_abbrev)
 .debug_abbrev  0x00000000       0x5d c:/winavr-20100110/bin/../lib/gcc/avr/4.3.3/avr5\libgcc.a(_fixunssfsi.o)
 .debug_abbrev  0x0000005d      0x1ea c:/winavr-20100110/bin/../lib/gcc/avr/4.3.3/avr5\libgcc.a(_addsub_sf.o)
 .debug_abbrev  0x00000247      0x21b c:/winavr-20100110/bin/../lib/gcc/avr/4.3.3/avr5\libgcc.a(_mul_sf.o)
 .debug_abbrev  0x00000462      0x216 c:/winavr-20100110/bin/../lib/gcc/avr/4.3.3/avr5\libgcc.a(_div_sf.o)
 .debug_abbrev  0x00000678      0x15a c:/winavr-20100110/bin/../lib/gcc/avr/4.3.3/avr5\libgcc.a(_gt_sf.o)
 .debug_abbrev  0x000007d2      0x15a c:/winavr-20100110/bin/../lib/gcc/avr/4.3.3/avr5\libgcc.a(_ge_sf.o)
 .debug_abbrev  0x0000092c      0x15a c:/winavr-20100110/bin/../lib/gcc/avr/4.3.3/avr5\libgcc.a(_lt_sf.o)
 .debug_abbrev  0x00000a86      0x17f c:/winavr-20100110/bin/../lib/gcc/avr/4.3.3/avr5\libgcc.a(_sf_to_si.o)
 .debug_abbrev  0x00000c05       0xad c:/winavr-20100110/bin/../lib/gcc/avr/4.3.3/avr5\libgcc.a(_thenan_sf.o)
 .debug_abbrev  0x00000cb2      0x157 c:/winavr-20100110/bin/../lib/gcc/avr/4.3.3/avr5\libgcc.a(_usi_to_sf.o)
 .debug_abbrev  0x00000e09       0xc4 c:/winavr-20100110/bin/../lib/gcc/avr/4.3.3/avr5\libgcc.a(_clzsi2.o)
 .debug_abbrev  0x00000ecd      0x1c0 c:/winavr-20100110/bin/../lib/gcc/avr/4.3.3/avr5\libgcc.a(_pack_sf.o)
 .debug_abbrev  0x0000108d      0x154 c:/winavr-20100110/bin/../lib/gcc/avr/4.3.3/avr5\libgcc.a(_unpack_sf.o)
 .debug_abbrev  0x000011e1      0x13b c:/winavr-20100110/bin/../lib/gcc/avr/4.3.3/avr5\libgcc.a(_fpcmp_parts_sf.o)
 .debug_abbrev  0x0000131c       0x6a c:/winavr-20100110/bin/../lib/gcc/avr/4.3.3/avr5\libgcc.a(_clz.o)

.debug_line     0x00000000     0x11d6
 *(.debug_line)
 .debug_line    0x00000000       0xa7 c:/winavr-20100110/bin/../lib/gcc/avr/4.3.3/avr5\libgcc.a(_fixunssfsi.o)
 .debug_line    0x000000a7      0x2af c:/winavr-20100110/bin/../lib/gcc/avr/4.3.3/avr5\libgcc.a(_addsub_sf.o)
 .debug_line    0x00000356      0x239 c:/winavr-20100110/bin/../lib/gcc/avr/4.3.3/avr5\libgcc.a(_mul_sf.o)
 .debug_line    0x0000058f      0x1d5 c:/winavr-20100110/bin/../lib/gcc/avr/4.3.3/avr5\libgcc.a(_div_sf.o)
 .debug_line    0x00000764       0xd3 c:/winavr-20100110/bin/../lib/gcc/avr/4.3.3/avr5\libgcc.a(_gt_sf.o)
 .debug_line    0x00000837       0xd3 c:/winavr-20100110/bin/../lib/gcc/avr/4.3.3/avr5\libgcc.a(_ge_sf.o)
 .debug_line    0x0000090a       0xd3 c:/winavr-20100110/bin/../lib/gcc/avr/4.3.3/avr5\libgcc.a(_lt_sf.o)
 .debug_line    0x000009dd      0x109 c:/winavr-20100110/bin/../lib/gcc/avr/4.3.3/avr5\libgcc.a(_sf_to_si.o)
 .debug_line    0x00000ae6       0x90 c:/winavr-20100110/bin/../lib/gcc/avr/4.3.3/avr5\libgcc.a(_thenan_sf.o)
 .debug_line    0x00000b76      0x133 c:/winavr-20100110/bin/../lib/gcc/avr/4.3.3/avr5\libgcc.a(_usi_to_sf.o)
 .debug_line    0x00000ca9       0xa5 c:/winavr-20100110/bin/../lib/gcc/avr/4.3.3/avr5\libgcc.a(_clzsi2.o)
 .debug_line    0x00000d4e      0x18a c:/winavr-20100110/bin/../lib/gcc/avr/4.3.3/avr5\libgcc.a(_pack_sf.o)
 .debug_line    0x00000ed8      0x14b c:/winavr-20100110/bin/../lib/gcc/avr/4.3.3/avr5\libgcc.a(_unpack_sf.o)
 .debug_line    0x00001023      0x137 c:/winavr-20100110/bin/../lib/gcc/avr/4.3.3/avr5\libgcc.a(_fpcmp_parts_sf.o)
 .debug_line    0x0000115a       0x7c c:/winavr-20100110/bin/../lib/gcc/avr/4.3.3/avr5\libgcc.a(_clz.o)

.debug_frame    0x00000000      0x1c0
 *(.debug_frame)
 .debug_frame   0x00000000       0x20 c:/winavr-20100110/bin/../lib/gcc/avr/4.3.3/avr5\libgcc.a(_fixunssfsi.o)
 .debug_frame   0x00000020       0x40 c:/winavr-20100110/bin/../lib/gcc/avr/4.3.3/avr5\libgcc.a(_addsub_sf.o)
 .debug_frame   0x00000060       0x20 c:/winavr-20100110/bin/../lib/gcc/avr/4.3.3/avr5\libgcc.a(_mul_sf.o)
 .debug_frame   0x00000080       0x20 c:/winavr-20100110/bin/../lib/gcc/avr/4.3.3/avr5\libgcc.a(_div_sf.o)
 .debug_frame   0x000000a0       0x20 c:/winavr-20100110/bin/../lib/gcc/avr/4.3.3/avr5\libgcc.a(_gt_sf.o)
 .debug_frame   0x000000c0       0x20 c:/winavr-20100110/bin/../lib/gcc/avr/4.3.3/avr5\libgcc.a(_ge_sf.o)
 .debug_frame   0x000000e0       0x20 c:/winavr-20100110/bin/../lib/gcc/avr/4.3.3/avr5\libgcc.a(_lt_sf.o)
 .debug_frame   0x00000100       0x20 c:/winavr-20100110/bin/../lib/gcc/avr/4.3.3/avr5\libgcc.a(_sf_to_si.o)
 .debug_frame   0x00000120       0x20 c:/winavr-20100110/bin/../lib/gcc/avr/4.3.3/avr5\libgcc.a(_usi_to_sf.o)
 .debug_frame   0x00000140       0x20 c:/winavr-20100110/bin/../lib/gcc/avr/4.3.3/avr5\libgcc.a(_clzsi2.o)
 .debug_frame   0x00000160       0x20 c:/winavr-20100110/bin/../lib/gcc/avr/4.3.3/avr5\libgcc.a(_pack_sf.o)
 .debug_frame   0x00000180       0x20 c:/winavr-20100110/bin/../lib/gcc/avr/4.3.3/avr5\libgcc.a(_unpack_sf.o)
 .debug_frame   0x000001a0       0x20 c:/winavr-20100110/bin/../lib/gcc/avr/4.3.3/avr5\libgcc.a(_fpcmp_parts_sf.o)

.debug_str      0x00000000      0x2f6
 *(.debug_str)
 .debug_str     0x00000000       0xbf c:/winavr-20100110/bin/../lib/gcc/avr/4.3.3/avr5\libgcc.a(_fixunssfsi.o)
                                 0xfe (size before relaxing)
 .debug_str     0x000000bf      0x14d c:/winavr-20100110/bin/../lib/gcc/avr/4.3.3/avr5\libgcc.a(_addsub_sf.o)
                                0x206 (size before relaxing)
 .debug_str     0x0000020c       0x27 c:/winavr-20100110/bin/../lib/gcc/avr/4.3.3/avr5\libgcc.a(_mul_sf.o)
                                0x1bf (size before relaxing)
 .debug_str     0x00000233       0x35 c:/winavr-20100110/bin/../lib/gcc/avr/4.3.3/avr5\libgcc.a(_div_sf.o)
                                0x1c8 (size before relaxing)
 .debug_str     0x00000268        0x8 c:/winavr-20100110/bin/../lib/gcc/avr/4.3.3/avr5\libgcc.a(_gt_sf.o)
                                0x195 (size before relaxing)
 .debug_str     0x00000270        0x8 c:/winavr-20100110/bin/../lib/gcc/avr/4.3.3/avr5\libgcc.a(_ge_sf.o)
                                0x195 (size before relaxing)
 .debug_str     0x00000278        0x8 c:/winavr-20100110/bin/../lib/gcc/avr/4.3.3/avr5\libgcc.a(_lt_sf.o)
                                0x195 (size before relaxing)
 .debug_str     0x00000280        0xa c:/winavr-20100110/bin/../lib/gcc/avr/4.3.3/avr5\libgcc.a(_sf_to_si.o)
                                0x19e (size before relaxing)
 .debug_str     0x00000000      0x103 c:/winavr-20100110/bin/../lib/gcc/avr/4.3.3/avr5\libgcc.a(_thenan_sf.o)
 .debug_str     0x0000028a       0x21 c:/winavr-20100110/bin/../lib/gcc/avr/4.3.3/avr5\libgcc.a(_usi_to_sf.o)
                                0x177 (size before relaxing)
 .debug_str     0x000002ab       0x20 c:/winavr-20100110/bin/../lib/gcc/avr/4.3.3/avr5\libgcc.a(_clzsi2.o)
                                0x111 (size before relaxing)
 .debug_str     0x000002cb       0x10 c:/winavr-20100110/bin/../lib/gcc/avr/4.3.3/avr5\libgcc.a(_pack_sf.o)
                                0x19d (size before relaxing)
 .debug_str     0x000002db        0xb c:/winavr-20100110/bin/../lib/gcc/avr/4.3.3/avr5\libgcc.a(_unpack_sf.o)
                                0x17f (size before relaxing)
 .debug_str     0x000002e6       0x10 c:/winavr-20100110/bin/../lib/gcc/avr/4.3.3/avr5\libgcc.a(_fpcmp_parts_sf.o)
                                0x163 (size before relaxing)
 .debug_str     0x00000000       0xf4 c:/winavr-20100110/bin/../lib/gcc/avr/4.3.3/avr5\libgcc.a(_clz.o)

.debug_loc      0x00000000      0x96e
 *(.debug_loc)
 .debug_loc     0x00000000       0x34 c:/winavr-20100110/bin/../lib/gcc/avr/4.3.3/avr5\libgcc.a(_fixunssfsi.o)
 .debug_loc     0x00000034      0x32a c:/winavr-20100110/bin/../lib/gcc/avr/4.3.3/avr5\libgcc.a(_addsub_sf.o)
 .debug_loc     0x0000035e      0x104 c:/winavr-20100110/bin/../lib/gcc/avr/4.3.3/avr5\libgcc.a(_mul_sf.o)
 .debug_loc     0x00000462       0xc0 c:/winavr-20100110/bin/../lib/gcc/avr/4.3.3/avr5\libgcc.a(_div_sf.o)
 .debug_loc     0x00000522       0x3c c:/winavr-20100110/bin/../lib/gcc/avr/4.3.3/avr5\libgcc.a(_gt_sf.o)
 .debug_loc     0x0000055e       0x3c c:/winavr-20100110/bin/../lib/gcc/avr/4.3.3/avr5\libgcc.a(_ge_sf.o)
 .debug_loc     0x0000059a       0x3c c:/winavr-20100110/bin/../lib/gcc/avr/4.3.3/avr5\libgcc.a(_lt_sf.o)
 .debug_loc     0x000005d6       0x7e c:/winavr-20100110/bin/../lib/gcc/avr/4.3.3/avr5\libgcc.a(_sf_to_si.o)
 .debug_loc     0x00000654       0x4c c:/winavr-20100110/bin/../lib/gcc/avr/4.3.3/avr5\libgcc.a(_usi_to_sf.o)
 .debug_loc     0x000006a0       0x94 c:/winavr-20100110/bin/../lib/gcc/avr/4.3.3/avr5\libgcc.a(_clzsi2.o)
 .debug_loc     0x00000734      0x13e c:/winavr-20100110/bin/../lib/gcc/avr/4.3.3/avr5\libgcc.a(_pack_sf.o)
 .debug_loc     0x00000872       0xac c:/winavr-20100110/bin/../lib/gcc/avr/4.3.3/avr5\libgcc.a(_unpack_sf.o)
 .debug_loc     0x0000091e       0x50 c:/winavr-20100110/bin/../lib/gcc/avr/4.3.3/avr5\libgcc.a(_fpcmp_parts_sf.o)

.debug_macinfo
 *(.debug_macinfo)
OUTPUT(SmartHome.elf elf32-avr)
LOAD linker stubs

.debug_ranges   0x00000000       0x50
 .debug_ranges  0x00000000       0x50 c:/winavr-20100110/bin/../lib/gcc/avr/4.3.3/avr5\libgcc.a(_mul_sf.o)
